I'm sorry, but errors were detected in your script. Please correct the
errors listed below, and try again.


File "game/script.rpy", line 4073: Line is indented, but the preceding say statement statement does not expect a block. Please check this line's indentation.
    scene pride052
    ^

Ren'Py Version: Ren'Py 7.1.3.1092
Sat Dec 22 23:57:18 2018
